node.exe : npm timing
 npm:load:whichnode C
ompleted in 1ms
위치 줄:1 문자:1
+ & "C:\Program Files
\nodejs/node.exe" "C:
\Program Files\nodejs
/node_mo ...
+ ~~~~~~~~~~~~~~~~~~~
~~~~~~~~~~~~~~~~~~~~~
~~~~~~~~~~~~~~~~~~~~~
~~~~~~~~
    + CategoryInfo   
           : NotSpe  
  cified: (npm tim   
 ing npm:...omple    
ted in 1ms:Strin    g
) [], RemoteExc    ep
tion
    + FullyQualified 
   ErrorId : Native  
  CommandError
 
npm timing npm:load:c
onfigload Completed i
n 8ms
npm timing config:loa
d:flatten Completed i
n 2ms
npm timing npm:load:m
kdirpcache Completed 
in 1ms
npm timing npm:load:m
kdirplogs Completed i
n 0ms
npm timing npm:load:s
etTitle Completed in 
1ms
npm timing npm:load C
ompleted in 26ms

> openmanager-vibe-v5@5.80.0 test
> vitest run --config config/testing/vitest.config.main.ts --watchAll=false

'vitest'은(는) 내부 또는 외부
 명령, 실행할 수 있는 프로그램, 또
는
배치 파일이 아닙니다.
npm timing command:ru
n Completed in 38ms
npm timing npm Comple
ted in 94ms
