// Vitest Snapshot v1, https://vitest.dev/guide/snapshot.html

exports[`EnhancedServerCard > renders correctly and matches snapshot 1`] = `
<div>
  <div
    data-testid="enhanced-server-card"
  >
    <h3>
      Test Server
    </h3>
    <div>
      Status: 
      healthy
    </div>
    <div>
      CPU: 
      45
      %
    </div>
    <div>
      Memory: 
      60
      %
    </div>
    <div>
      Disk: 
      30
      %
    </div>
    <button>
      Restart
    </button>
  </div>
</div>
`;
